// Jest Snapshot v1, https://goo.gl/fbAQLP

exports[`Integration test JustInTimeRegistration 1`] = `
Object {
  "Parameters": Object {
    "AssetParameters8e7cd71e1c84578bc848b1c408a42ec5fb1d8d0c439fb8797717229bf7f2bbb0ArtifactHash97C9BD43": Object {
      "Description": "Artifact hash for asset \\"8e7cd71e1c84578bc848b1c408a42ec5fb1d8d0c439fb8797717229bf7f2bbb0\\"",
      "Type": "String",
    },
    "AssetParameters8e7cd71e1c84578bc848b1c408a42ec5fb1d8d0c439fb8797717229bf7f2bbb0S3Bucket8453C2A8": Object {
      "Description": "S3 bucket for asset \\"8e7cd71e1c84578bc848b1c408a42ec5fb1d8d0c439fb8797717229bf7f2bbb0\\"",
      "Type": "String",
    },
    "AssetParameters8e7cd71e1c84578bc848b1c408a42ec5fb1d8d0c439fb8797717229bf7f2bbb0S3VersionKey1ED3A5C2": Object {
      "Description": "S3 key for asset version \\"8e7cd71e1c84578bc848b1c408a42ec5fb1d8d0c439fb8797717229bf7f2bbb0\\"",
      "Type": "String",
    },
    "AssetParametersaa31463bb9719508c96d0566b30e58d02f75d815cc6db4c6e65e85160fc9ab9cArtifactHashD0F40C5A": Object {
      "Description": "Artifact hash for asset \\"aa31463bb9719508c96d0566b30e58d02f75d815cc6db4c6e65e85160fc9ab9c\\"",
      "Type": "String",
    },
    "AssetParametersaa31463bb9719508c96d0566b30e58d02f75d815cc6db4c6e65e85160fc9ab9cS3BucketF05BC658": Object {
      "Description": "S3 bucket for asset \\"aa31463bb9719508c96d0566b30e58d02f75d815cc6db4c6e65e85160fc9ab9c\\"",
      "Type": "String",
    },
    "AssetParametersaa31463bb9719508c96d0566b30e58d02f75d815cc6db4c6e65e85160fc9ab9cS3VersionKey50E7D505": Object {
      "Description": "S3 key for asset version \\"aa31463bb9719508c96d0566b30e58d02f75d815cc6db4c6e65e85160fc9ab9c\\"",
      "Type": "String",
    },
    "AssetParametersf1cd822f128a9bb48d9fa1c55fbfafc289934e8d2299934649086731b0fe8a01ArtifactHash185CCB5E": Object {
      "Description": "Artifact hash for asset \\"f1cd822f128a9bb48d9fa1c55fbfafc289934e8d2299934649086731b0fe8a01\\"",
      "Type": "String",
    },
    "AssetParametersf1cd822f128a9bb48d9fa1c55fbfafc289934e8d2299934649086731b0fe8a01S3Bucket312B154E": Object {
      "Description": "S3 bucket for asset \\"f1cd822f128a9bb48d9fa1c55fbfafc289934e8d2299934649086731b0fe8a01\\"",
      "Type": "String",
    },
    "AssetParametersf1cd822f128a9bb48d9fa1c55fbfafc289934e8d2299934649086731b0fe8a01S3VersionKey3D83DDBF": Object {
      "Description": "S3 key for asset version \\"f1cd822f128a9bb48d9fa1c55fbfafc289934e8d2299934649086731b0fe8a01\\"",
      "Type": "String",
    },
  },
  "Resources": Object {
    "JustInTimeRegistrationtestcaseCaRegistratortestcase40DBE3A2": Object {
      "DependsOn": Array [
        "JustInTimeRegistrationtestcaseCaRegistratortestcaseServiceRoleDefaultPolicy816F422E",
        "JustInTimeRegistrationtestcaseCaRegistratortestcaseServiceRole8F8171C3",
      ],
      "Properties": Object {
        "Code": Object {
          "S3Bucket": Object {
            "Ref": "AssetParameters8e7cd71e1c84578bc848b1c408a42ec5fb1d8d0c439fb8797717229bf7f2bbb0S3Bucket8453C2A8",
          },
          "S3Key": Object {
            "Fn::Join": Array [
              "",
              Array [
                Object {
                  "Fn::Select": Array [
                    0,
                    Object {
                      "Fn::Split": Array [
                        "||",
                        Object {
                          "Ref": "AssetParameters8e7cd71e1c84578bc848b1c408a42ec5fb1d8d0c439fb8797717229bf7f2bbb0S3VersionKey1ED3A5C2",
                        },
                      ],
                    },
                  ],
                },
                Object {
                  "Fn::Select": Array [
                    1,
                    Object {
                      "Fn::Split": Array [
                        "||",
                        Object {
                          "Ref": "AssetParameters8e7cd71e1c84578bc848b1c408a42ec5fb1d8d0c439fb8797717229bf7f2bbb0S3VersionKey1ED3A5C2",
                        },
                      ],
                    },
                  ],
                },
              ],
            ],
          },
        },
        "Environment": Object {
          "Variables": Object {
            "AWS_NODEJS_CONNECTION_REUSE_ENABLED": "1",
            "BUCKET_NAME": Object {
              "Fn::ImportValue": "another-stack:ExportsOutputRefuserProvidedBucket2349EF2D343936C6",
            },
            "BUCKET_PREFIX": "test",
            "VERIFIERS": Object {
              "Fn::Join": Array [
                "",
                Array [
                  "[\\"",
                  Object {
                    "Fn::ImportValue": "verifier-stack:ExportsOutputReftestcase9BC7DE4DD4B50F74",
                  },
                  "\\"]",
                ],
              ],
            },
          },
        },
        "Handler": "index.handler",
        "MemorySize": 256,
        "Role": Object {
          "Fn::GetAtt": Array [
            "JustInTimeRegistrationtestcaseCaRegistratortestcaseServiceRole8F8171C3",
            "Arn",
          ],
        },
        "Runtime": "nodejs14.x",
        "Timeout": 10,
      },
      "Type": "AWS::Lambda::Function",
    },
    "JustInTimeRegistrationtestcaseCaRegistratortestcaseDE8814EE": Object {
      "Properties": Object {
        "PolicyDocument": Object {
          "Statement": Array [
            Object {
              "Action": Array [
                "iam:PassRole",
                "iot:RegisterCACertificate",
                "iot:GetRegistrationCode",
                "iot:CreateTopicRule",
                "iot:TagResource",
              ],
              "Effect": "Allow",
              "Resource": "*",
            },
          ],
          "Version": "2012-10-17",
        },
        "PolicyName": "JustInTimeRegistrationtestcaseCaRegistratortestcaseDE8814EE",
        "Roles": Array [
          Object {
            "Ref": "JustInTimeRegistrationtestcaseCaRegistratortestcaseServiceRole8F8171C3",
          },
        ],
      },
      "Type": "AWS::IAM::Policy",
    },
    "JustInTimeRegistrationtestcaseCaRegistratortestcaseServiceRole8F8171C3": Object {
      "Properties": Object {
        "AssumeRolePolicyDocument": Object {
          "Statement": Array [
            Object {
              "Action": "sts:AssumeRole",
              "Effect": "Allow",
              "Principal": Object {
                "Service": "lambda.amazonaws.com",
              },
            },
          ],
          "Version": "2012-10-17",
        },
        "ManagedPolicyArns": Array [
          Object {
            "Fn::Join": Array [
              "",
              Array [
                "arn:",
                Object {
                  "Ref": "AWS::Partition",
                },
                ":iam::aws:policy/service-role/AWSLambdaBasicExecutionRole",
              ],
            ],
          },
        ],
      },
      "Type": "AWS::IAM::Role",
    },
    "JustInTimeRegistrationtestcaseCaRegistratortestcaseServiceRoleDefaultPolicy816F422E": Object {
      "Properties": Object {
        "PolicyDocument": Object {
          "Statement": Array [
            Object {
              "Action": Array [
                "s3:GetObject*",
                "s3:GetBucket*",
                "s3:List*",
                "s3:DeleteObject*",
                "s3:PutObject*",
                "s3:Abort*",
              ],
              "Effect": "Allow",
              "Resource": Array [
                Object {
                  "Fn::ImportValue": "another-stack:ExportsOutputFnGetAttuserProvidedBucket2349EF2DArnA89CCA27",
                },
                Object {
                  "Fn::Join": Array [
                    "",
                    Array [
                      Object {
                        "Fn::ImportValue": "another-stack:ExportsOutputFnGetAttuserProvidedBucket2349EF2DArnA89CCA27",
                      },
                      "/*",
                    ],
                  ],
                },
              ],
            },
          ],
          "Version": "2012-10-17",
        },
        "PolicyName": "JustInTimeRegistrationtestcaseCaRegistratortestcaseServiceRoleDefaultPolicy816F422E",
        "Roles": Array [
          Object {
            "Ref": "JustInTimeRegistrationtestcaseCaRegistratortestcaseServiceRole8F8171C3",
          },
        ],
      },
      "Type": "AWS::IAM::Policy",
    },
    "JustInTimeRegistrationtestcaseDeviceActivatortestcaseBE99699A": Object {
      "DependsOn": Array [
        "JustInTimeRegistrationtestcaseDeviceActivatortestcaseServiceRoleDefaultPolicyD0151B2D",
        "JustInTimeRegistrationtestcaseDeviceActivatortestcaseServiceRoleCD94255D",
      ],
      "Properties": Object {
        "Code": Object {
          "S3Bucket": Object {
            "Ref": "AssetParametersaa31463bb9719508c96d0566b30e58d02f75d815cc6db4c6e65e85160fc9ab9cS3BucketF05BC658",
          },
          "S3Key": Object {
            "Fn::Join": Array [
              "",
              Array [
                Object {
                  "Fn::Select": Array [
                    0,
                    Object {
                      "Fn::Split": Array [
                        "||",
                        Object {
                          "Ref": "AssetParametersaa31463bb9719508c96d0566b30e58d02f75d815cc6db4c6e65e85160fc9ab9cS3VersionKey50E7D505",
                        },
                      ],
                    },
                  ],
                },
                Object {
                  "Fn::Select": Array [
                    1,
                    Object {
                      "Fn::Split": Array [
                        "||",
                        Object {
                          "Ref": "AssetParametersaa31463bb9719508c96d0566b30e58d02f75d815cc6db4c6e65e85160fc9ab9cS3VersionKey50E7D505",
                        },
                      ],
                    },
                  ],
                },
              ],
            ],
          },
        },
        "Environment": Object {
          "Variables": Object {
            "AWS_NODEJS_CONNECTION_REUSE_ENABLED": "1",
          },
        },
        "Handler": "index.handler",
        "Role": Object {
          "Fn::GetAtt": Array [
            "JustInTimeRegistrationtestcaseDeviceActivatortestcaseServiceRoleCD94255D",
            "Arn",
          ],
        },
        "Runtime": "nodejs14.x",
      },
      "Type": "AWS::Lambda::Function",
    },
    "JustInTimeRegistrationtestcaseDeviceActivatortestcasePolicyDeviceActivatortestcaseE698297C": Object {
      "Properties": Object {
        "PolicyDocument": Object {
          "Statement": Array [
            Object {
              "Action": Array [
                "iot:DescribeCertificate",
                "iot:DescribeCACertificate",
                "iot:ListTagsForResource",
                "iot:CreateThing",
                "iot:CreatePolicy",
                "iot:AttachPolicy",
                "iot:AttachThingPrincipal",
                "iot:UpdateCertificate",
                "lambda:InvokeFunction",
                "lambda:InvokeAsync",
              ],
              "Effect": "Allow",
              "Resource": "*",
            },
          ],
          "Version": "2012-10-17",
        },
        "PolicyName": "JustInTimeRegistrationtestcaseDeviceActivatortestcasePolicyDeviceActivatortestcaseE698297C",
        "Roles": Array [
          Object {
            "Ref": "JustInTimeRegistrationtestcaseDeviceActivatortestcaseServiceRoleCD94255D",
          },
        ],
      },
      "Type": "AWS::IAM::Policy",
    },
    "JustInTimeRegistrationtestcaseDeviceActivatortestcaseServiceRoleCD94255D": Object {
      "Properties": Object {
        "AssumeRolePolicyDocument": Object {
          "Statement": Array [
            Object {
              "Action": "sts:AssumeRole",
              "Effect": "Allow",
              "Principal": Object {
                "Service": "lambda.amazonaws.com",
              },
            },
          ],
          "Version": "2012-10-17",
        },
        "ManagedPolicyArns": Array [
          Object {
            "Fn::Join": Array [
              "",
              Array [
                "arn:",
                Object {
                  "Ref": "AWS::Partition",
                },
                ":iam::aws:policy/service-role/AWSLambdaBasicExecutionRole",
              ],
            ],
          },
        ],
      },
      "Type": "AWS::IAM::Role",
    },
    "JustInTimeRegistrationtestcaseDeviceActivatortestcaseServiceRoleDefaultPolicyD0151B2D": Object {
      "Properties": Object {
        "PolicyDocument": Object {
          "Statement": Array [
            Object {
              "Action": Array [
                "sqs:ReceiveMessage",
                "sqs:ChangeMessageVisibility",
                "sqs:GetQueueUrl",
                "sqs:DeleteMessage",
                "sqs:GetQueueAttributes",
              ],
              "Effect": "Allow",
              "Resource": Object {
                "Fn::GetAtt": Array [
                  "JustInTimeRegistrationtestcaseReviewReceptortestcaseAB8D5DFE",
                  "Arn",
                ],
              },
            },
          ],
          "Version": "2012-10-17",
        },
        "PolicyName": "JustInTimeRegistrationtestcaseDeviceActivatortestcaseServiceRoleDefaultPolicyD0151B2D",
        "Roles": Array [
          Object {
            "Ref": "JustInTimeRegistrationtestcaseDeviceActivatortestcaseServiceRoleCD94255D",
          },
        ],
      },
      "Type": "AWS::IAM::Policy",
    },
    "JustInTimeRegistrationtestcaseDeviceActivatortestcaseSqsEventSourceteststackJustInTimeRegistrationtestcaseReviewReceptortestcase3523F08BEF2BA3A9": Object {
      "Properties": Object {
        "BatchSize": 1,
        "EventSourceArn": Object {
          "Fn::GetAtt": Array [
            "JustInTimeRegistrationtestcaseReviewReceptortestcaseAB8D5DFE",
            "Arn",
          ],
        },
        "FunctionName": Object {
          "Ref": "JustInTimeRegistrationtestcaseDeviceActivatortestcaseBE99699A",
        },
      },
      "Type": "AWS::Lambda::EventSourceMapping",
    },
    "JustInTimeRegistrationtestcaseReviewReceptortestcaseAB8D5DFE": Object {
      "DeletionPolicy": "Delete",
      "Type": "AWS::SQS::Queue",
      "UpdateReplacePolicy": "Delete",
    },
    "JustInTimeRegistrationtestcaseReviewReceptortestcaseReviewAcceptionRoletestcaseA3AF3CD4": Object {
      "Properties": Object {
        "AssumeRolePolicyDocument": Object {
          "Statement": Array [
            Object {
              "Action": "sts:AssumeRole",
              "Effect": "Allow",
              "Principal": Object {
                "Service": "iot.amazonaws.com",
              },
            },
          ],
          "Version": "2012-10-17",
        },
        "Policies": Array [
          Object {
            "PolicyDocument": Object {
              "Statement": Array [
                Object {
                  "Action": Array [
                    "sqs:SendMessageBatch",
                    "sqs:SendMessage",
                  ],
                  "Effect": "Allow",
                  "Resource": Object {
                    "Fn::GetAtt": Array [
                      "JustInTimeRegistrationtestcaseReviewReceptortestcaseAB8D5DFE",
                      "Arn",
                    ],
                  },
                },
              ],
              "Version": "2012-10-17",
            },
            "PolicyName": "SqsPushPolicy",
          },
        ],
        "RoleName": "ReviewAcceptionRoleName-test-case",
      },
      "Type": "AWS::IAM::Role",
    },
    "JustInTimeRegistrationtestcaseReviewReceptortestcaseTopicRuletestcaseB619B96E": Object {
      "Properties": Object {
        "TopicRulePayload": Object {
          "Actions": Array [
            Object {
              "Sqs": Object {
                "QueueUrl": Object {
                  "Ref": "JustInTimeRegistrationtestcaseReviewReceptortestcaseAB8D5DFE",
                },
                "RoleArn": Object {
                  "Fn::GetAtt": Array [
                    "JustInTimeRegistrationtestcaseReviewReceptortestcaseReviewAcceptionRoletestcaseA3AF3CD4",
                    "Arn",
                  ],
                },
              },
            },
          ],
          "Sql": "SELECT * FROM '$aws/events/certificates/registered/#'",
        },
      },
      "Type": "AWS::IoT::TopicRule",
    },
    "JustInTimeRegistrationtestcaseVerifiersFetchertestcase4F2CFBBA": Object {
      "DependsOn": Array [
        "JustInTimeRegistrationtestcaseVerifiersFetchertestcaseServiceRoleFE2AC6E2",
      ],
      "Properties": Object {
        "Code": Object {
          "S3Bucket": Object {
            "Ref": "AssetParametersf1cd822f128a9bb48d9fa1c55fbfafc289934e8d2299934649086731b0fe8a01S3Bucket312B154E",
          },
          "S3Key": Object {
            "Fn::Join": Array [
              "",
              Array [
                Object {
                  "Fn::Select": Array [
                    0,
                    Object {
                      "Fn::Split": Array [
                        "||",
                        Object {
                          "Ref": "AssetParametersf1cd822f128a9bb48d9fa1c55fbfafc289934e8d2299934649086731b0fe8a01S3VersionKey3D83DDBF",
                        },
                      ],
                    },
                  ],
                },
                Object {
                  "Fn::Select": Array [
                    1,
                    Object {
                      "Fn::Split": Array [
                        "||",
                        Object {
                          "Ref": "AssetParametersf1cd822f128a9bb48d9fa1c55fbfafc289934e8d2299934649086731b0fe8a01S3VersionKey3D83DDBF",
                        },
                      ],
                    },
                  ],
                },
              ],
            ],
          },
        },
        "Environment": Object {
          "Variables": Object {
            "AWS_NODEJS_CONNECTION_REUSE_ENABLED": "1",
            "VERIFIERS": Object {
              "Fn::Join": Array [
                "",
                Array [
                  "[\\"",
                  Object {
                    "Fn::ImportValue": "verifier-stack:ExportsOutputReftestcase9BC7DE4DD4B50F74",
                  },
                  "\\"]",
                ],
              ],
            },
          },
        },
        "Handler": "index.handler",
        "Role": Object {
          "Fn::GetAtt": Array [
            "JustInTimeRegistrationtestcaseVerifiersFetchertestcaseServiceRoleFE2AC6E2",
            "Arn",
          ],
        },
        "Runtime": "nodejs14.x",
      },
      "Type": "AWS::Lambda::Function",
    },
    "JustInTimeRegistrationtestcaseVerifiersFetchertestcaseServiceRoleFE2AC6E2": Object {
      "Properties": Object {
        "AssumeRolePolicyDocument": Object {
          "Statement": Array [
            Object {
              "Action": "sts:AssumeRole",
              "Effect": "Allow",
              "Principal": Object {
                "Service": "lambda.amazonaws.com",
              },
            },
          ],
          "Version": "2012-10-17",
        },
        "ManagedPolicyArns": Array [
          Object {
            "Fn::Join": Array [
              "",
              Array [
                "arn:",
                Object {
                  "Ref": "AWS::Partition",
                },
                ":iam::aws:policy/service-role/AWSLambdaBasicExecutionRole",
              ],
            ],
          },
        ],
      },
      "Type": "AWS::IAM::Role",
    },
  },
}
`;
