// Jest Snapshot v1, https://goo.gl/fbAQLP

exports[`Integration test JustInTimeProvision 1`] = `
Object {
  "Parameters": Object {
    "AssetParameters302b524589de79d4f18c39f9129726a27b613d216a46eb8264b8d19213e72f74ArtifactHashB5B7E05D": Object {
      "Description": "Artifact hash for asset \\"302b524589de79d4f18c39f9129726a27b613d216a46eb8264b8d19213e72f74\\"",
      "Type": "String",
    },
    "AssetParameters302b524589de79d4f18c39f9129726a27b613d216a46eb8264b8d19213e72f74S3BucketF47CDEAA": Object {
      "Description": "S3 bucket for asset \\"302b524589de79d4f18c39f9129726a27b613d216a46eb8264b8d19213e72f74\\"",
      "Type": "String",
    },
    "AssetParameters302b524589de79d4f18c39f9129726a27b613d216a46eb8264b8d19213e72f74S3VersionKeyCA2081B3": Object {
      "Description": "S3 key for asset version \\"302b524589de79d4f18c39f9129726a27b613d216a46eb8264b8d19213e72f74\\"",
      "Type": "String",
    },
    "AssetParametersc2ffe5d9f1a4ff1b1d8d9e16b025196831726d3b139f6e8b35cd25dbe7818717ArtifactHashE52874BC": Object {
      "Description": "Artifact hash for asset \\"c2ffe5d9f1a4ff1b1d8d9e16b025196831726d3b139f6e8b35cd25dbe7818717\\"",
      "Type": "String",
    },
    "AssetParametersc2ffe5d9f1a4ff1b1d8d9e16b025196831726d3b139f6e8b35cd25dbe7818717S3Bucket2B62DD7A": Object {
      "Description": "S3 bucket for asset \\"c2ffe5d9f1a4ff1b1d8d9e16b025196831726d3b139f6e8b35cd25dbe7818717\\"",
      "Type": "String",
    },
    "AssetParametersc2ffe5d9f1a4ff1b1d8d9e16b025196831726d3b139f6e8b35cd25dbe7818717S3VersionKeyD42EE36C": Object {
      "Description": "S3 key for asset version \\"c2ffe5d9f1a4ff1b1d8d9e16b025196831726d3b139f6e8b35cd25dbe7818717\\"",
      "Type": "String",
    },
    "AssetParametersda3aa006dfe76da10fa6a39e0011208e03c8279f2904a9fd83d2bf30c09efff0ArtifactHash961D4878": Object {
      "Description": "Artifact hash for asset \\"da3aa006dfe76da10fa6a39e0011208e03c8279f2904a9fd83d2bf30c09efff0\\"",
      "Type": "String",
    },
    "AssetParametersda3aa006dfe76da10fa6a39e0011208e03c8279f2904a9fd83d2bf30c09efff0S3BucketF956409E": Object {
      "Description": "S3 bucket for asset \\"da3aa006dfe76da10fa6a39e0011208e03c8279f2904a9fd83d2bf30c09efff0\\"",
      "Type": "String",
    },
    "AssetParametersda3aa006dfe76da10fa6a39e0011208e03c8279f2904a9fd83d2bf30c09efff0S3VersionKeyF45354DF": Object {
      "Description": "S3 key for asset version \\"da3aa006dfe76da10fa6a39e0011208e03c8279f2904a9fd83d2bf30c09efff0\\"",
      "Type": "String",
    },
  },
  "Resources": Object {
    "JustInTimeProvisiontestcaseCaRegistratortestcase21FFC435": Object {
      "Properties": Object {
        "PolicyDocument": Object {
          "Statement": Array [
            Object {
              "Action": Array [
                "iam:PassRole",
                "iot:RegisterCACertificate",
                "iot:GetRegistrationCode",
                "iot:CreateTopicRule",
                "iot:TagResource",
              ],
              "Effect": "Allow",
              "Resource": "*",
            },
          ],
          "Version": "2012-10-17",
        },
        "PolicyName": "JustInTimeProvisiontestcaseCaRegistratortestcase21FFC435",
        "Roles": Array [
          Object {
            "Ref": "JustInTimeProvisiontestcaseCaRegistratortestcaseServiceRoleFB1CB993",
          },
        ],
      },
      "Type": "AWS::IAM::Policy",
    },
    "JustInTimeProvisiontestcaseCaRegistratortestcase93903A27": Object {
      "DependsOn": Array [
        "JustInTimeProvisiontestcaseCaRegistratortestcaseServiceRoleDefaultPolicy8C8AE893",
        "JustInTimeProvisiontestcaseCaRegistratortestcaseServiceRoleFB1CB993",
      ],
      "Properties": Object {
        "Code": Object {
          "S3Bucket": Object {
            "Ref": "AssetParametersc2ffe5d9f1a4ff1b1d8d9e16b025196831726d3b139f6e8b35cd25dbe7818717S3Bucket2B62DD7A",
          },
          "S3Key": Object {
            "Fn::Join": Array [
              "",
              Array [
                Object {
                  "Fn::Select": Array [
                    0,
                    Object {
                      "Fn::Split": Array [
                        "||",
                        Object {
                          "Ref": "AssetParametersc2ffe5d9f1a4ff1b1d8d9e16b025196831726d3b139f6e8b35cd25dbe7818717S3VersionKeyD42EE36C",
                        },
                      ],
                    },
                  ],
                },
                Object {
                  "Fn::Select": Array [
                    1,
                    Object {
                      "Fn::Split": Array [
                        "||",
                        Object {
                          "Ref": "AssetParametersc2ffe5d9f1a4ff1b1d8d9e16b025196831726d3b139f6e8b35cd25dbe7818717S3VersionKeyD42EE36C",
                        },
                      ],
                    },
                  ],
                },
              ],
            ],
          },
        },
        "Environment": Object {
          "Variables": Object {
            "AWS_NODEJS_CONNECTION_REUSE_ENABLED": "1",
            "BUCKET_NAME": Object {
              "Fn::ImportValue": "another-stack:ExportsOutputRefcaBucketD1A50B2B031F53FA",
            },
            "BUCKET_PREFIX": "test",
            "REGISTRATION_CONFIG_ROLE_ARN": Object {
              "Fn::GetAtt": Array [
                "JustInTimeProvisiontestcaseProvisionRoleRegistrationConfigRoletestcaseE8C566C2",
                "Arn",
              ],
            },
            "VERIFIERS": "\\"[]\\"",
          },
        },
        "Handler": "index.handler",
        "MemorySize": 256,
        "Role": Object {
          "Fn::GetAtt": Array [
            "JustInTimeProvisiontestcaseCaRegistratortestcaseServiceRoleFB1CB993",
            "Arn",
          ],
        },
        "Runtime": "nodejs14.x",
        "Timeout": 10,
      },
      "Type": "AWS::Lambda::Function",
    },
    "JustInTimeProvisiontestcaseCaRegistratortestcaseServiceRoleDefaultPolicy8C8AE893": Object {
      "Properties": Object {
        "PolicyDocument": Object {
          "Statement": Array [
            Object {
              "Action": Array [
                "s3:GetObject*",
                "s3:GetBucket*",
                "s3:List*",
                "s3:DeleteObject*",
                "s3:PutObject*",
                "s3:Abort*",
              ],
              "Effect": "Allow",
              "Resource": Array [
                Object {
                  "Fn::ImportValue": "another-stack:ExportsOutputFnGetAttcaBucketD1A50B2BArn68FC0213",
                },
                Object {
                  "Fn::Join": Array [
                    "",
                    Array [
                      Object {
                        "Fn::ImportValue": "another-stack:ExportsOutputFnGetAttcaBucketD1A50B2BArn68FC0213",
                      },
                      "/*",
                    ],
                  ],
                },
              ],
            },
          ],
          "Version": "2012-10-17",
        },
        "PolicyName": "JustInTimeProvisiontestcaseCaRegistratortestcaseServiceRoleDefaultPolicy8C8AE893",
        "Roles": Array [
          Object {
            "Ref": "JustInTimeProvisiontestcaseCaRegistratortestcaseServiceRoleFB1CB993",
          },
        ],
      },
      "Type": "AWS::IAM::Policy",
    },
    "JustInTimeProvisiontestcaseCaRegistratortestcaseServiceRoleFB1CB993": Object {
      "Properties": Object {
        "AssumeRolePolicyDocument": Object {
          "Statement": Array [
            Object {
              "Action": "sts:AssumeRole",
              "Effect": "Allow",
              "Principal": Object {
                "Service": "lambda.amazonaws.com",
              },
            },
          ],
          "Version": "2012-10-17",
        },
        "ManagedPolicyArns": Array [
          Object {
            "Fn::Join": Array [
              "",
              Array [
                "arn:",
                Object {
                  "Ref": "AWS::Partition",
                },
                ":iam::aws:policy/service-role/AWSLambdaBasicExecutionRole",
              ],
            ],
          },
        ],
      },
      "Type": "AWS::IAM::Role",
    },
    "JustInTimeProvisiontestcaseDeviceCertificateGeneratortestcase625C5945": Object {
      "DependsOn": Array [
        "JustInTimeProvisiontestcaseDeviceCertificateGeneratortestcaseServiceRoleDefaultPolicyB8C16E44",
        "JustInTimeProvisiontestcaseDeviceCertificateGeneratortestcaseServiceRoleCA89F5E4",
      ],
      "Properties": Object {
        "Code": Object {
          "S3Bucket": Object {
            "Ref": "AssetParametersda3aa006dfe76da10fa6a39e0011208e03c8279f2904a9fd83d2bf30c09efff0S3BucketF956409E",
          },
          "S3Key": Object {
            "Fn::Join": Array [
              "",
              Array [
                Object {
                  "Fn::Select": Array [
                    0,
                    Object {
                      "Fn::Split": Array [
                        "||",
                        Object {
                          "Ref": "AssetParametersda3aa006dfe76da10fa6a39e0011208e03c8279f2904a9fd83d2bf30c09efff0S3VersionKeyF45354DF",
                        },
                      ],
                    },
                  ],
                },
                Object {
                  "Fn::Select": Array [
                    1,
                    Object {
                      "Fn::Split": Array [
                        "||",
                        Object {
                          "Ref": "AssetParametersda3aa006dfe76da10fa6a39e0011208e03c8279f2904a9fd83d2bf30c09efff0S3VersionKeyF45354DF",
                        },
                      ],
                    },
                  ],
                },
              ],
            ],
          },
        },
        "Environment": Object {
          "Variables": Object {
            "AWS_NODEJS_CONNECTION_REUSE_ENABLED": "1",
            "BUCKET_NAME": Object {
              "Fn::ImportValue": "another-stack:ExportsOutputRefcaBucketD1A50B2B031F53FA",
            },
            "BUCKET_PREFIX": "test",
          },
        },
        "Handler": "index.handler",
        "MemorySize": 256,
        "Role": Object {
          "Fn::GetAtt": Array [
            "JustInTimeProvisiontestcaseDeviceCertificateGeneratortestcaseServiceRoleCA89F5E4",
            "Arn",
          ],
        },
        "Runtime": "nodejs14.x",
        "Timeout": 10,
      },
      "Type": "AWS::Lambda::Function",
    },
    "JustInTimeProvisiontestcaseDeviceCertificateGeneratortestcasePolicyDeviceCertificateGeneratortestcaseD0261C2C": Object {
      "Properties": Object {
        "PolicyDocument": Object {
          "Statement": Array [
            Object {
              "Action": Array [
                "iot:DescribeThing",
                "iot:DeleteCertificate",
                "iot:DeleteThing",
                "iot:DescribeCACertificate",
                "iot:ListTagsForResource",
                "iot:DescribeEndpoint",
                "lambda:InvokeFunction",
                "lambda:InvokeAsync",
              ],
              "Effect": "Allow",
              "Resource": "*",
            },
          ],
          "Version": "2012-10-17",
        },
        "PolicyName": "JustInTimeProvisiontestcaseDeviceCertificateGeneratortestcasePolicyDeviceCertificateGeneratortestcaseD0261C2C",
        "Roles": Array [
          Object {
            "Ref": "JustInTimeProvisiontestcaseDeviceCertificateGeneratortestcaseServiceRoleCA89F5E4",
          },
        ],
      },
      "Type": "AWS::IAM::Policy",
    },
    "JustInTimeProvisiontestcaseDeviceCertificateGeneratortestcaseServiceRoleCA89F5E4": Object {
      "Properties": Object {
        "AssumeRolePolicyDocument": Object {
          "Statement": Array [
            Object {
              "Action": "sts:AssumeRole",
              "Effect": "Allow",
              "Principal": Object {
                "Service": "lambda.amazonaws.com",
              },
            },
          ],
          "Version": "2012-10-17",
        },
        "ManagedPolicyArns": Array [
          Object {
            "Fn::Join": Array [
              "",
              Array [
                "arn:",
                Object {
                  "Ref": "AWS::Partition",
                },
                ":iam::aws:policy/service-role/AWSLambdaBasicExecutionRole",
              ],
            ],
          },
        ],
      },
      "Type": "AWS::IAM::Role",
    },
    "JustInTimeProvisiontestcaseDeviceCertificateGeneratortestcaseServiceRoleDefaultPolicyB8C16E44": Object {
      "Properties": Object {
        "PolicyDocument": Object {
          "Statement": Array [
            Object {
              "Action": Array [
                "s3:GetObject*",
                "s3:GetBucket*",
                "s3:List*",
              ],
              "Effect": "Allow",
              "Resource": Array [
                Object {
                  "Fn::ImportValue": "another-stack:ExportsOutputFnGetAttcaBucketD1A50B2BArn68FC0213",
                },
                Object {
                  "Fn::Join": Array [
                    "",
                    Array [
                      Object {
                        "Fn::ImportValue": "another-stack:ExportsOutputFnGetAttcaBucketD1A50B2BArn68FC0213",
                      },
                      "/*",
                    ],
                  ],
                },
              ],
            },
          ],
          "Version": "2012-10-17",
        },
        "PolicyName": "JustInTimeProvisiontestcaseDeviceCertificateGeneratortestcaseServiceRoleDefaultPolicyB8C16E44",
        "Roles": Array [
          Object {
            "Ref": "JustInTimeProvisiontestcaseDeviceCertificateGeneratortestcaseServiceRoleCA89F5E4",
          },
        ],
      },
      "Type": "AWS::IAM::Policy",
    },
    "JustInTimeProvisiontestcaseProvisionRoleRegistrationConfigRoletestcaseE8C566C2": Object {
      "Properties": Object {
        "AssumeRolePolicyDocument": Object {
          "Statement": Array [
            Object {
              "Action": "sts:AssumeRole",
              "Effect": "Allow",
              "Principal": Object {
                "Service": "iot.amazonaws.com",
              },
            },
          ],
          "Version": "2012-10-17",
        },
        "ManagedPolicyArns": Array [
          Object {
            "Fn::Join": Array [
              "",
              Array [
                "arn:",
                Object {
                  "Ref": "AWS::Partition",
                },
                ":iam::aws:policy/service-role/AWSIoTThingsRegistration",
              ],
            ],
          },
        ],
        "RoleName": "ProvisionRoleName-RegistrationConfigRole-test-case",
      },
      "Type": "AWS::IAM::Role",
    },
    "JustInTimeProvisiontestcaseVerifiersFetchertestcase669A84BA": Object {
      "DependsOn": Array [
        "JustInTimeProvisiontestcaseVerifiersFetchertestcaseServiceRole9B13C41F",
      ],
      "Properties": Object {
        "Code": Object {
          "S3Bucket": Object {
            "Ref": "AssetParameters302b524589de79d4f18c39f9129726a27b613d216a46eb8264b8d19213e72f74S3BucketF47CDEAA",
          },
          "S3Key": Object {
            "Fn::Join": Array [
              "",
              Array [
                Object {
                  "Fn::Select": Array [
                    0,
                    Object {
                      "Fn::Split": Array [
                        "||",
                        Object {
                          "Ref": "AssetParameters302b524589de79d4f18c39f9129726a27b613d216a46eb8264b8d19213e72f74S3VersionKeyCA2081B3",
                        },
                      ],
                    },
                  ],
                },
                Object {
                  "Fn::Select": Array [
                    1,
                    Object {
                      "Fn::Split": Array [
                        "||",
                        Object {
                          "Ref": "AssetParameters302b524589de79d4f18c39f9129726a27b613d216a46eb8264b8d19213e72f74S3VersionKeyCA2081B3",
                        },
                      ],
                    },
                  ],
                },
              ],
            ],
          },
        },
        "Environment": Object {
          "Variables": Object {
            "AWS_NODEJS_CONNECTION_REUSE_ENABLED": "1",
            "VERIFIERS": "\\"[]\\"",
          },
        },
        "Handler": "index.handler",
        "Role": Object {
          "Fn::GetAtt": Array [
            "JustInTimeProvisiontestcaseVerifiersFetchertestcaseServiceRole9B13C41F",
            "Arn",
          ],
        },
        "Runtime": "nodejs14.x",
      },
      "Type": "AWS::Lambda::Function",
    },
    "JustInTimeProvisiontestcaseVerifiersFetchertestcaseServiceRole9B13C41F": Object {
      "Properties": Object {
        "AssumeRolePolicyDocument": Object {
          "Statement": Array [
            Object {
              "Action": "sts:AssumeRole",
              "Effect": "Allow",
              "Principal": Object {
                "Service": "lambda.amazonaws.com",
              },
            },
          ],
          "Version": "2012-10-17",
        },
        "ManagedPolicyArns": Array [
          Object {
            "Fn::Join": Array [
              "",
              Array [
                "arn:",
                Object {
                  "Ref": "AWS::Partition",
                },
                ":iam::aws:policy/service-role/AWSLambdaBasicExecutionRole",
              ],
            ],
          },
        ],
      },
      "Type": "AWS::IAM::Role",
    },
  },
}
`;
