// Jest Snapshot v1, https://goo.gl/fbAQLP

exports[`Integration test JustInTimeProvision 1`] = `
Object {
  "Parameters": Object {
    "AssetParameters464622a0aafc3cff71e31c882da674ed35351c04bc0bec468a94187f17ccfbbfArtifactHashF3428D3F": Object {
      "Description": "Artifact hash for asset \\"464622a0aafc3cff71e31c882da674ed35351c04bc0bec468a94187f17ccfbbf\\"",
      "Type": "String",
    },
    "AssetParameters464622a0aafc3cff71e31c882da674ed35351c04bc0bec468a94187f17ccfbbfS3Bucket0EDCE0DD": Object {
      "Description": "S3 bucket for asset \\"464622a0aafc3cff71e31c882da674ed35351c04bc0bec468a94187f17ccfbbf\\"",
      "Type": "String",
    },
    "AssetParameters464622a0aafc3cff71e31c882da674ed35351c04bc0bec468a94187f17ccfbbfS3VersionKeyAB342E8F": Object {
      "Description": "S3 key for asset version \\"464622a0aafc3cff71e31c882da674ed35351c04bc0bec468a94187f17ccfbbf\\"",
      "Type": "String",
    },
    "AssetParametersce85e141da04374c9add1b94a3a66fd744f272172aa488e8c5b0f2a3405dbc4fArtifactHash834A8A75": Object {
      "Description": "Artifact hash for asset \\"ce85e141da04374c9add1b94a3a66fd744f272172aa488e8c5b0f2a3405dbc4f\\"",
      "Type": "String",
    },
    "AssetParametersce85e141da04374c9add1b94a3a66fd744f272172aa488e8c5b0f2a3405dbc4fS3Bucket38A7844A": Object {
      "Description": "S3 bucket for asset \\"ce85e141da04374c9add1b94a3a66fd744f272172aa488e8c5b0f2a3405dbc4f\\"",
      "Type": "String",
    },
    "AssetParametersce85e141da04374c9add1b94a3a66fd744f272172aa488e8c5b0f2a3405dbc4fS3VersionKey0B6C905C": Object {
      "Description": "S3 key for asset version \\"ce85e141da04374c9add1b94a3a66fd744f272172aa488e8c5b0f2a3405dbc4f\\"",
      "Type": "String",
    },
    "AssetParametersd88ec059dcbf00f91cea60981224a2dbb091a9fa9453605fabbc8f18f2943598ArtifactHash990AA5D3": Object {
      "Description": "Artifact hash for asset \\"d88ec059dcbf00f91cea60981224a2dbb091a9fa9453605fabbc8f18f2943598\\"",
      "Type": "String",
    },
    "AssetParametersd88ec059dcbf00f91cea60981224a2dbb091a9fa9453605fabbc8f18f2943598S3BucketA8305FEC": Object {
      "Description": "S3 bucket for asset \\"d88ec059dcbf00f91cea60981224a2dbb091a9fa9453605fabbc8f18f2943598\\"",
      "Type": "String",
    },
    "AssetParametersd88ec059dcbf00f91cea60981224a2dbb091a9fa9453605fabbc8f18f2943598S3VersionKey55A6C786": Object {
      "Description": "S3 key for asset version \\"d88ec059dcbf00f91cea60981224a2dbb091a9fa9453605fabbc8f18f2943598\\"",
      "Type": "String",
    },
  },
  "Resources": Object {
    "JustInTimeProvisiontestcaseCaRegistratortestcase21FFC435": Object {
      "Properties": Object {
        "PolicyDocument": Object {
          "Statement": Array [
            Object {
              "Action": Array [
                "iam:PassRole",
                "iot:RegisterCACertificate",
                "iot:GetRegistrationCode",
                "iot:CreateTopicRule",
              ],
              "Effect": "Allow",
              "Resource": "*",
            },
          ],
          "Version": "2012-10-17",
        },
        "PolicyName": "JustInTimeProvisiontestcaseCaRegistratortestcase21FFC435",
        "Roles": Array [
          Object {
            "Ref": "JustInTimeProvisiontestcaseCaRegistratortestcaseServiceRoleFB1CB993",
          },
        ],
      },
      "Type": "AWS::IAM::Policy",
    },
    "JustInTimeProvisiontestcaseCaRegistratortestcase93903A27": Object {
      "DependsOn": Array [
        "JustInTimeProvisiontestcaseCaRegistratortestcaseServiceRoleDefaultPolicy8C8AE893",
        "JustInTimeProvisiontestcaseCaRegistratortestcaseServiceRoleFB1CB993",
      ],
      "Properties": Object {
        "Code": Object {
          "S3Bucket": Object {
            "Ref": "AssetParametersd88ec059dcbf00f91cea60981224a2dbb091a9fa9453605fabbc8f18f2943598S3BucketA8305FEC",
          },
          "S3Key": Object {
            "Fn::Join": Array [
              "",
              Array [
                Object {
                  "Fn::Select": Array [
                    0,
                    Object {
                      "Fn::Split": Array [
                        "||",
                        Object {
                          "Ref": "AssetParametersd88ec059dcbf00f91cea60981224a2dbb091a9fa9453605fabbc8f18f2943598S3VersionKey55A6C786",
                        },
                      ],
                    },
                  ],
                },
                Object {
                  "Fn::Select": Array [
                    1,
                    Object {
                      "Fn::Split": Array [
                        "||",
                        Object {
                          "Ref": "AssetParametersd88ec059dcbf00f91cea60981224a2dbb091a9fa9453605fabbc8f18f2943598S3VersionKey55A6C786",
                        },
                      ],
                    },
                  ],
                },
              ],
            ],
          },
        },
        "Environment": Object {
          "Variables": Object {
            "AWS_NODEJS_CONNECTION_REUSE_ENABLED": "1",
            "BUCKET_NAME": Object {
              "Fn::ImportValue": "another-stack:ExportsOutputRefcaBucketD1A50B2B031F53FA",
            },
            "BUCKET_PREFIX": "test",
            "REGISTRATION_CONFIG_ROLE_ARN": Object {
              "Fn::GetAtt": Array [
                "JustInTimeProvisiontestcaseProvisionRoleRegistrationConfigRoletestcaseE8C566C2",
                "Arn",
              ],
            },
            "VERIFIERS": "\\"[]\\"",
          },
        },
        "Handler": "index.handler",
        "MemorySize": 256,
        "Role": Object {
          "Fn::GetAtt": Array [
            "JustInTimeProvisiontestcaseCaRegistratortestcaseServiceRoleFB1CB993",
            "Arn",
          ],
        },
        "Runtime": "nodejs14.x",
        "Timeout": 10,
      },
      "Type": "AWS::Lambda::Function",
    },
    "JustInTimeProvisiontestcaseCaRegistratortestcaseServiceRoleDefaultPolicy8C8AE893": Object {
      "Properties": Object {
        "PolicyDocument": Object {
          "Statement": Array [
            Object {
              "Action": Array [
                "s3:GetObject*",
                "s3:GetBucket*",
                "s3:List*",
                "s3:DeleteObject*",
                "s3:PutObject*",
                "s3:Abort*",
              ],
              "Effect": "Allow",
              "Resource": Array [
                Object {
                  "Fn::ImportValue": "another-stack:ExportsOutputFnGetAttcaBucketD1A50B2BArn68FC0213",
                },
                Object {
                  "Fn::Join": Array [
                    "",
                    Array [
                      Object {
                        "Fn::ImportValue": "another-stack:ExportsOutputFnGetAttcaBucketD1A50B2BArn68FC0213",
                      },
                      "/*",
                    ],
                  ],
                },
              ],
            },
          ],
          "Version": "2012-10-17",
        },
        "PolicyName": "JustInTimeProvisiontestcaseCaRegistratortestcaseServiceRoleDefaultPolicy8C8AE893",
        "Roles": Array [
          Object {
            "Ref": "JustInTimeProvisiontestcaseCaRegistratortestcaseServiceRoleFB1CB993",
          },
        ],
      },
      "Type": "AWS::IAM::Policy",
    },
    "JustInTimeProvisiontestcaseCaRegistratortestcaseServiceRoleFB1CB993": Object {
      "Properties": Object {
        "AssumeRolePolicyDocument": Object {
          "Statement": Array [
            Object {
              "Action": "sts:AssumeRole",
              "Effect": "Allow",
              "Principal": Object {
                "Service": "lambda.amazonaws.com",
              },
            },
          ],
          "Version": "2012-10-17",
        },
        "ManagedPolicyArns": Array [
          Object {
            "Fn::Join": Array [
              "",
              Array [
                "arn:",
                Object {
                  "Ref": "AWS::Partition",
                },
                ":iam::aws:policy/service-role/AWSLambdaBasicExecutionRole",
              ],
            ],
          },
        ],
      },
      "Type": "AWS::IAM::Role",
    },
    "JustInTimeProvisiontestcaseDeviceCertificateGeneratortestcase625C5945": Object {
      "DependsOn": Array [
        "JustInTimeProvisiontestcaseDeviceCertificateGeneratortestcaseServiceRoleDefaultPolicyB8C16E44",
        "JustInTimeProvisiontestcaseDeviceCertificateGeneratortestcaseServiceRoleCA89F5E4",
      ],
      "Properties": Object {
        "Code": Object {
          "S3Bucket": Object {
            "Ref": "AssetParametersce85e141da04374c9add1b94a3a66fd744f272172aa488e8c5b0f2a3405dbc4fS3Bucket38A7844A",
          },
          "S3Key": Object {
            "Fn::Join": Array [
              "",
              Array [
                Object {
                  "Fn::Select": Array [
                    0,
                    Object {
                      "Fn::Split": Array [
                        "||",
                        Object {
                          "Ref": "AssetParametersce85e141da04374c9add1b94a3a66fd744f272172aa488e8c5b0f2a3405dbc4fS3VersionKey0B6C905C",
                        },
                      ],
                    },
                  ],
                },
                Object {
                  "Fn::Select": Array [
                    1,
                    Object {
                      "Fn::Split": Array [
                        "||",
                        Object {
                          "Ref": "AssetParametersce85e141da04374c9add1b94a3a66fd744f272172aa488e8c5b0f2a3405dbc4fS3VersionKey0B6C905C",
                        },
                      ],
                    },
                  ],
                },
              ],
            ],
          },
        },
        "Environment": Object {
          "Variables": Object {
            "AWS_NODEJS_CONNECTION_REUSE_ENABLED": "1",
            "BUCKET_NAME": Object {
              "Fn::ImportValue": "another-stack:ExportsOutputRefcaBucketD1A50B2B031F53FA",
            },
            "BUCKET_PREFIX": "test",
            "OUTPUT_BUCKET_NAME": Object {
              "Fn::ImportValue": "another-stack:ExportsOutputRefdeviceBucketAD90778AC6CF1AF4",
            },
            "OUTPUT_BUCKET_PREFIX": "",
          },
        },
        "Handler": "index.handler",
        "MemorySize": 256,
        "Role": Object {
          "Fn::GetAtt": Array [
            "JustInTimeProvisiontestcaseDeviceCertificateGeneratortestcaseServiceRoleCA89F5E4",
            "Arn",
          ],
        },
        "Runtime": "nodejs14.x",
        "Timeout": 10,
      },
      "Type": "AWS::Lambda::Function",
    },
    "JustInTimeProvisiontestcaseDeviceCertificateGeneratortestcasePolicyDeviceCertificateGeneratortestcaseD0261C2C": Object {
      "Properties": Object {
        "PolicyDocument": Object {
          "Statement": Array [
            Object {
              "Action": Array [
                "iot:DescribeCACertificate",
                "iot:ListTagsForResource",
                "lambda:InvokeFunction",
                "lambda:InvokeAsync",
              ],
              "Effect": "Allow",
              "Resource": "*",
            },
          ],
          "Version": "2012-10-17",
        },
        "PolicyName": "JustInTimeProvisiontestcaseDeviceCertificateGeneratortestcasePolicyDeviceCertificateGeneratortestcaseD0261C2C",
        "Roles": Array [
          Object {
            "Ref": "JustInTimeProvisiontestcaseDeviceCertificateGeneratortestcaseServiceRoleCA89F5E4",
          },
        ],
      },
      "Type": "AWS::IAM::Policy",
    },
    "JustInTimeProvisiontestcaseDeviceCertificateGeneratortestcaseServiceRoleCA89F5E4": Object {
      "Properties": Object {
        "AssumeRolePolicyDocument": Object {
          "Statement": Array [
            Object {
              "Action": "sts:AssumeRole",
              "Effect": "Allow",
              "Principal": Object {
                "Service": "lambda.amazonaws.com",
              },
            },
          ],
          "Version": "2012-10-17",
        },
        "ManagedPolicyArns": Array [
          Object {
            "Fn::Join": Array [
              "",
              Array [
                "arn:",
                Object {
                  "Ref": "AWS::Partition",
                },
                ":iam::aws:policy/service-role/AWSLambdaBasicExecutionRole",
              ],
            ],
          },
        ],
      },
      "Type": "AWS::IAM::Role",
    },
    "JustInTimeProvisiontestcaseDeviceCertificateGeneratortestcaseServiceRoleDefaultPolicyB8C16E44": Object {
      "Properties": Object {
        "PolicyDocument": Object {
          "Statement": Array [
            Object {
              "Action": Array [
                "s3:GetObject*",
                "s3:GetBucket*",
                "s3:List*",
              ],
              "Effect": "Allow",
              "Resource": Array [
                Object {
                  "Fn::ImportValue": "another-stack:ExportsOutputFnGetAttcaBucketD1A50B2BArn68FC0213",
                },
                Object {
                  "Fn::Join": Array [
                    "",
                    Array [
                      Object {
                        "Fn::ImportValue": "another-stack:ExportsOutputFnGetAttcaBucketD1A50B2BArn68FC0213",
                      },
                      "/*",
                    ],
                  ],
                },
              ],
            },
            Object {
              "Action": Array [
                "s3:GetObject*",
                "s3:GetBucket*",
                "s3:List*",
              ],
              "Effect": "Allow",
              "Resource": Array [
                Object {
                  "Fn::ImportValue": "another-stack:ExportsOutputFnGetAttdeviceBucketAD90778AArn75A3CD55",
                },
                Object {
                  "Fn::Join": Array [
                    "",
                    Array [
                      Object {
                        "Fn::ImportValue": "another-stack:ExportsOutputFnGetAttdeviceBucketAD90778AArn75A3CD55",
                      },
                      "/*",
                    ],
                  ],
                },
              ],
            },
          ],
          "Version": "2012-10-17",
        },
        "PolicyName": "JustInTimeProvisiontestcaseDeviceCertificateGeneratortestcaseServiceRoleDefaultPolicyB8C16E44",
        "Roles": Array [
          Object {
            "Ref": "JustInTimeProvisiontestcaseDeviceCertificateGeneratortestcaseServiceRoleCA89F5E4",
          },
        ],
      },
      "Type": "AWS::IAM::Policy",
    },
    "JustInTimeProvisiontestcaseProvisionRoleRegistrationConfigRoletestcaseE8C566C2": Object {
      "Properties": Object {
        "AssumeRolePolicyDocument": Object {
          "Statement": Array [
            Object {
              "Action": "sts:AssumeRole",
              "Effect": "Allow",
              "Principal": Object {
                "Service": "iot.amazonaws.com",
              },
            },
          ],
          "Version": "2012-10-17",
        },
        "ManagedPolicyArns": Array [
          Object {
            "Fn::Join": Array [
              "",
              Array [
                "arn:",
                Object {
                  "Ref": "AWS::Partition",
                },
                ":iam::aws:policy/service-role/AWSIoTThingsRegistration",
              ],
            ],
          },
        ],
        "RoleName": "ProvisionRoleName-RegistrationConfigRole-test-case",
      },
      "Type": "AWS::IAM::Role",
    },
    "JustInTimeProvisiontestcaseVerifiersFetchertestcase669A84BA": Object {
      "DependsOn": Array [
        "JustInTimeProvisiontestcaseVerifiersFetchertestcaseServiceRole9B13C41F",
      ],
      "Properties": Object {
        "Code": Object {
          "S3Bucket": Object {
            "Ref": "AssetParameters464622a0aafc3cff71e31c882da674ed35351c04bc0bec468a94187f17ccfbbfS3Bucket0EDCE0DD",
          },
          "S3Key": Object {
            "Fn::Join": Array [
              "",
              Array [
                Object {
                  "Fn::Select": Array [
                    0,
                    Object {
                      "Fn::Split": Array [
                        "||",
                        Object {
                          "Ref": "AssetParameters464622a0aafc3cff71e31c882da674ed35351c04bc0bec468a94187f17ccfbbfS3VersionKeyAB342E8F",
                        },
                      ],
                    },
                  ],
                },
                Object {
                  "Fn::Select": Array [
                    1,
                    Object {
                      "Fn::Split": Array [
                        "||",
                        Object {
                          "Ref": "AssetParameters464622a0aafc3cff71e31c882da674ed35351c04bc0bec468a94187f17ccfbbfS3VersionKeyAB342E8F",
                        },
                      ],
                    },
                  ],
                },
              ],
            ],
          },
        },
        "Environment": Object {
          "Variables": Object {
            "AWS_NODEJS_CONNECTION_REUSE_ENABLED": "1",
            "VERIFIERS": "\\"[]\\"",
          },
        },
        "Handler": "index.handler",
        "Role": Object {
          "Fn::GetAtt": Array [
            "JustInTimeProvisiontestcaseVerifiersFetchertestcaseServiceRole9B13C41F",
            "Arn",
          ],
        },
        "Runtime": "nodejs14.x",
      },
      "Type": "AWS::Lambda::Function",
    },
    "JustInTimeProvisiontestcaseVerifiersFetchertestcaseServiceRole9B13C41F": Object {
      "Properties": Object {
        "AssumeRolePolicyDocument": Object {
          "Statement": Array [
            Object {
              "Action": "sts:AssumeRole",
              "Effect": "Allow",
              "Principal": Object {
                "Service": "lambda.amazonaws.com",
              },
            },
          ],
          "Version": "2012-10-17",
        },
        "ManagedPolicyArns": Array [
          Object {
            "Fn::Join": Array [
              "",
              Array [
                "arn:",
                Object {
                  "Ref": "AWS::Partition",
                },
                ":iam::aws:policy/service-role/AWSLambdaBasicExecutionRole",
              ],
            ],
          },
        ],
      },
      "Type": "AWS::IAM::Role",
    },
  },
}
`;
