// Jest Snapshot v1, https://goo.gl/fbAQLP

exports[`Integration test JustInTimeProvision 1`] = `
Object {
  "Parameters": Object {
    "AssetParameters5b6f92b5e148503f89fc17d50cb915cea454843cf9b71e82e760424a5d207350ArtifactHashBE869B3C": Object {
      "Description": "Artifact hash for asset \\"5b6f92b5e148503f89fc17d50cb915cea454843cf9b71e82e760424a5d207350\\"",
      "Type": "String",
    },
    "AssetParameters5b6f92b5e148503f89fc17d50cb915cea454843cf9b71e82e760424a5d207350S3Bucket77AB606E": Object {
      "Description": "S3 bucket for asset \\"5b6f92b5e148503f89fc17d50cb915cea454843cf9b71e82e760424a5d207350\\"",
      "Type": "String",
    },
    "AssetParameters5b6f92b5e148503f89fc17d50cb915cea454843cf9b71e82e760424a5d207350S3VersionKey63655A61": Object {
      "Description": "S3 key for asset version \\"5b6f92b5e148503f89fc17d50cb915cea454843cf9b71e82e760424a5d207350\\"",
      "Type": "String",
    },
    "AssetParametersd248ab9dc904caac0ccd9379eccbc353f76f412d885c872622ea026b8b00c31aArtifactHash480875F5": Object {
      "Description": "Artifact hash for asset \\"d248ab9dc904caac0ccd9379eccbc353f76f412d885c872622ea026b8b00c31a\\"",
      "Type": "String",
    },
    "AssetParametersd248ab9dc904caac0ccd9379eccbc353f76f412d885c872622ea026b8b00c31aS3Bucket199CA3FC": Object {
      "Description": "S3 bucket for asset \\"d248ab9dc904caac0ccd9379eccbc353f76f412d885c872622ea026b8b00c31a\\"",
      "Type": "String",
    },
    "AssetParametersd248ab9dc904caac0ccd9379eccbc353f76f412d885c872622ea026b8b00c31aS3VersionKeyD66664C8": Object {
      "Description": "S3 key for asset version \\"d248ab9dc904caac0ccd9379eccbc353f76f412d885c872622ea026b8b00c31a\\"",
      "Type": "String",
    },
    "AssetParameterse50efc057ad579fadc52e271227d1a69e7f74e2269f1af843b6a86abffcb4d26ArtifactHash8F7A9043": Object {
      "Description": "Artifact hash for asset \\"e50efc057ad579fadc52e271227d1a69e7f74e2269f1af843b6a86abffcb4d26\\"",
      "Type": "String",
    },
    "AssetParameterse50efc057ad579fadc52e271227d1a69e7f74e2269f1af843b6a86abffcb4d26S3BucketBFFE2A0E": Object {
      "Description": "S3 bucket for asset \\"e50efc057ad579fadc52e271227d1a69e7f74e2269f1af843b6a86abffcb4d26\\"",
      "Type": "String",
    },
    "AssetParameterse50efc057ad579fadc52e271227d1a69e7f74e2269f1af843b6a86abffcb4d26S3VersionKey9BF3E957": Object {
      "Description": "S3 key for asset version \\"e50efc057ad579fadc52e271227d1a69e7f74e2269f1af843b6a86abffcb4d26\\"",
      "Type": "String",
    },
  },
  "Resources": Object {
    "JustInTimeProvisiontestcaseCaRegistratortestcase21FFC435": Object {
      "Properties": Object {
        "PolicyDocument": Object {
          "Statement": Array [
            Object {
              "Action": Array [
                "iam:PassRole",
                "iot:RegisterCACertificate",
                "iot:GetRegistrationCode",
                "iot:CreateTopicRule",
              ],
              "Effect": "Allow",
              "Resource": "*",
            },
          ],
          "Version": "2012-10-17",
        },
        "PolicyName": "JustInTimeProvisiontestcaseCaRegistratortestcase21FFC435",
        "Roles": Array [
          Object {
            "Ref": "JustInTimeProvisiontestcaseCaRegistratortestcaseServiceRoleFB1CB993",
          },
        ],
      },
      "Type": "AWS::IAM::Policy",
    },
    "JustInTimeProvisiontestcaseCaRegistratortestcase93903A27": Object {
      "DependsOn": Array [
        "JustInTimeProvisiontestcaseCaRegistratortestcaseServiceRoleDefaultPolicy8C8AE893",
        "JustInTimeProvisiontestcaseCaRegistratortestcaseServiceRoleFB1CB993",
      ],
      "Properties": Object {
        "Code": Object {
          "S3Bucket": Object {
            "Ref": "AssetParameters5b6f92b5e148503f89fc17d50cb915cea454843cf9b71e82e760424a5d207350S3Bucket77AB606E",
          },
          "S3Key": Object {
            "Fn::Join": Array [
              "",
              Array [
                Object {
                  "Fn::Select": Array [
                    0,
                    Object {
                      "Fn::Split": Array [
                        "||",
                        Object {
                          "Ref": "AssetParameters5b6f92b5e148503f89fc17d50cb915cea454843cf9b71e82e760424a5d207350S3VersionKey63655A61",
                        },
                      ],
                    },
                  ],
                },
                Object {
                  "Fn::Select": Array [
                    1,
                    Object {
                      "Fn::Split": Array [
                        "||",
                        Object {
                          "Ref": "AssetParameters5b6f92b5e148503f89fc17d50cb915cea454843cf9b71e82e760424a5d207350S3VersionKey63655A61",
                        },
                      ],
                    },
                  ],
                },
              ],
            ],
          },
        },
        "Environment": Object {
          "Variables": Object {
            "AWS_NODEJS_CONNECTION_REUSE_ENABLED": "1",
            "BUCKET_NAME": Object {
              "Fn::ImportValue": "another-stack:ExportsOutputRefcaBucketD1A50B2B031F53FA",
            },
            "BUCKET_PREFIX": "test",
            "REGISTRATION_CONFIG_ROLE_ARN": Object {
              "Fn::GetAtt": Array [
                "JustInTimeProvisiontestcaseProvisionRoleRegistrationConfigRoletestcaseE8C566C2",
                "Arn",
              ],
            },
            "VERIFIERS": "\\"[]\\"",
          },
        },
        "Handler": "index.handler",
        "MemorySize": 256,
        "Role": Object {
          "Fn::GetAtt": Array [
            "JustInTimeProvisiontestcaseCaRegistratortestcaseServiceRoleFB1CB993",
            "Arn",
          ],
        },
        "Runtime": "nodejs14.x",
        "Timeout": 10,
      },
      "Type": "AWS::Lambda::Function",
    },
    "JustInTimeProvisiontestcaseCaRegistratortestcaseServiceRoleDefaultPolicy8C8AE893": Object {
      "Properties": Object {
        "PolicyDocument": Object {
          "Statement": Array [
            Object {
              "Action": Array [
                "s3:GetObject*",
                "s3:GetBucket*",
                "s3:List*",
                "s3:DeleteObject*",
                "s3:PutObject*",
                "s3:Abort*",
              ],
              "Effect": "Allow",
              "Resource": Array [
                Object {
                  "Fn::ImportValue": "another-stack:ExportsOutputFnGetAttcaBucketD1A50B2BArn68FC0213",
                },
                Object {
                  "Fn::Join": Array [
                    "",
                    Array [
                      Object {
                        "Fn::ImportValue": "another-stack:ExportsOutputFnGetAttcaBucketD1A50B2BArn68FC0213",
                      },
                      "/*",
                    ],
                  ],
                },
              ],
            },
          ],
          "Version": "2012-10-17",
        },
        "PolicyName": "JustInTimeProvisiontestcaseCaRegistratortestcaseServiceRoleDefaultPolicy8C8AE893",
        "Roles": Array [
          Object {
            "Ref": "JustInTimeProvisiontestcaseCaRegistratortestcaseServiceRoleFB1CB993",
          },
        ],
      },
      "Type": "AWS::IAM::Policy",
    },
    "JustInTimeProvisiontestcaseCaRegistratortestcaseServiceRoleFB1CB993": Object {
      "Properties": Object {
        "AssumeRolePolicyDocument": Object {
          "Statement": Array [
            Object {
              "Action": "sts:AssumeRole",
              "Effect": "Allow",
              "Principal": Object {
                "Service": "lambda.amazonaws.com",
              },
            },
          ],
          "Version": "2012-10-17",
        },
        "ManagedPolicyArns": Array [
          Object {
            "Fn::Join": Array [
              "",
              Array [
                "arn:",
                Object {
                  "Ref": "AWS::Partition",
                },
                ":iam::aws:policy/service-role/AWSLambdaBasicExecutionRole",
              ],
            ],
          },
        ],
      },
      "Type": "AWS::IAM::Role",
    },
    "JustInTimeProvisiontestcaseDeviceCertificateGeneratortestcase625C5945": Object {
      "DependsOn": Array [
        "JustInTimeProvisiontestcaseDeviceCertificateGeneratortestcaseServiceRoleDefaultPolicyB8C16E44",
        "JustInTimeProvisiontestcaseDeviceCertificateGeneratortestcaseServiceRoleCA89F5E4",
      ],
      "Properties": Object {
        "Code": Object {
          "S3Bucket": Object {
            "Ref": "AssetParameterse50efc057ad579fadc52e271227d1a69e7f74e2269f1af843b6a86abffcb4d26S3BucketBFFE2A0E",
          },
          "S3Key": Object {
            "Fn::Join": Array [
              "",
              Array [
                Object {
                  "Fn::Select": Array [
                    0,
                    Object {
                      "Fn::Split": Array [
                        "||",
                        Object {
                          "Ref": "AssetParameterse50efc057ad579fadc52e271227d1a69e7f74e2269f1af843b6a86abffcb4d26S3VersionKey9BF3E957",
                        },
                      ],
                    },
                  ],
                },
                Object {
                  "Fn::Select": Array [
                    1,
                    Object {
                      "Fn::Split": Array [
                        "||",
                        Object {
                          "Ref": "AssetParameterse50efc057ad579fadc52e271227d1a69e7f74e2269f1af843b6a86abffcb4d26S3VersionKey9BF3E957",
                        },
                      ],
                    },
                  ],
                },
              ],
            ],
          },
        },
        "Environment": Object {
          "Variables": Object {
            "AWS_NODEJS_CONNECTION_REUSE_ENABLED": "1",
            "BUCKET_NAME": Object {
              "Fn::ImportValue": "another-stack:ExportsOutputRefcaBucketD1A50B2B031F53FA",
            },
            "BUCKET_PREFIX": "test",
            "OUTPUT_BUCKET_NAME": Object {
              "Fn::ImportValue": "another-stack:ExportsOutputRefdeviceBucketAD90778AC6CF1AF4",
            },
            "OUTPUT_BUCKET_PREFIX": "",
          },
        },
        "Handler": "index.handler",
        "MemorySize": 256,
        "Role": Object {
          "Fn::GetAtt": Array [
            "JustInTimeProvisiontestcaseDeviceCertificateGeneratortestcaseServiceRoleCA89F5E4",
            "Arn",
          ],
        },
        "Runtime": "nodejs14.x",
        "Timeout": 10,
      },
      "Type": "AWS::Lambda::Function",
    },
    "JustInTimeProvisiontestcaseDeviceCertificateGeneratortestcasePolicyDeviceCertificateGeneratortestcaseD0261C2C": Object {
      "Properties": Object {
        "PolicyDocument": Object {
          "Statement": Array [
            Object {
              "Action": Array [
                "iot:DescribeCACertificate",
                "iot:ListTagsForResource",
                "lambda:InvokeFunction",
                "lambda:InvokeAsync",
              ],
              "Effect": "Allow",
              "Resource": "*",
            },
          ],
          "Version": "2012-10-17",
        },
        "PolicyName": "JustInTimeProvisiontestcaseDeviceCertificateGeneratortestcasePolicyDeviceCertificateGeneratortestcaseD0261C2C",
        "Roles": Array [
          Object {
            "Ref": "JustInTimeProvisiontestcaseDeviceCertificateGeneratortestcaseServiceRoleCA89F5E4",
          },
        ],
      },
      "Type": "AWS::IAM::Policy",
    },
    "JustInTimeProvisiontestcaseDeviceCertificateGeneratortestcaseServiceRoleCA89F5E4": Object {
      "Properties": Object {
        "AssumeRolePolicyDocument": Object {
          "Statement": Array [
            Object {
              "Action": "sts:AssumeRole",
              "Effect": "Allow",
              "Principal": Object {
                "Service": "lambda.amazonaws.com",
              },
            },
          ],
          "Version": "2012-10-17",
        },
        "ManagedPolicyArns": Array [
          Object {
            "Fn::Join": Array [
              "",
              Array [
                "arn:",
                Object {
                  "Ref": "AWS::Partition",
                },
                ":iam::aws:policy/service-role/AWSLambdaBasicExecutionRole",
              ],
            ],
          },
        ],
      },
      "Type": "AWS::IAM::Role",
    },
    "JustInTimeProvisiontestcaseDeviceCertificateGeneratortestcaseServiceRoleDefaultPolicyB8C16E44": Object {
      "Properties": Object {
        "PolicyDocument": Object {
          "Statement": Array [
            Object {
              "Action": Array [
                "s3:GetObject*",
                "s3:GetBucket*",
                "s3:List*",
              ],
              "Effect": "Allow",
              "Resource": Array [
                Object {
                  "Fn::ImportValue": "another-stack:ExportsOutputFnGetAttcaBucketD1A50B2BArn68FC0213",
                },
                Object {
                  "Fn::Join": Array [
                    "",
                    Array [
                      Object {
                        "Fn::ImportValue": "another-stack:ExportsOutputFnGetAttcaBucketD1A50B2BArn68FC0213",
                      },
                      "/*",
                    ],
                  ],
                },
              ],
            },
            Object {
              "Action": Array [
                "s3:GetObject*",
                "s3:GetBucket*",
                "s3:List*",
                "s3:DeleteObject*",
                "s3:PutObject*",
                "s3:Abort*",
              ],
              "Effect": "Allow",
              "Resource": Array [
                Object {
                  "Fn::ImportValue": "another-stack:ExportsOutputFnGetAttdeviceBucketAD90778AArn75A3CD55",
                },
                Object {
                  "Fn::Join": Array [
                    "",
                    Array [
                      Object {
                        "Fn::ImportValue": "another-stack:ExportsOutputFnGetAttdeviceBucketAD90778AArn75A3CD55",
                      },
                      "/*",
                    ],
                  ],
                },
              ],
            },
          ],
          "Version": "2012-10-17",
        },
        "PolicyName": "JustInTimeProvisiontestcaseDeviceCertificateGeneratortestcaseServiceRoleDefaultPolicyB8C16E44",
        "Roles": Array [
          Object {
            "Ref": "JustInTimeProvisiontestcaseDeviceCertificateGeneratortestcaseServiceRoleCA89F5E4",
          },
        ],
      },
      "Type": "AWS::IAM::Policy",
    },
    "JustInTimeProvisiontestcaseProvisionRoleRegistrationConfigRoletestcaseE8C566C2": Object {
      "Properties": Object {
        "AssumeRolePolicyDocument": Object {
          "Statement": Array [
            Object {
              "Action": "sts:AssumeRole",
              "Effect": "Allow",
              "Principal": Object {
                "Service": "iot.amazonaws.com",
              },
            },
          ],
          "Version": "2012-10-17",
        },
        "ManagedPolicyArns": Array [
          Object {
            "Fn::Join": Array [
              "",
              Array [
                "arn:",
                Object {
                  "Ref": "AWS::Partition",
                },
                ":iam::aws:policy/service-role/AWSIoTThingsRegistration",
              ],
            ],
          },
        ],
        "RoleName": "ProvisionRoleName-RegistrationConfigRole-test-case",
      },
      "Type": "AWS::IAM::Role",
    },
    "JustInTimeProvisiontestcaseVerifiersFetchertestcase669A84BA": Object {
      "DependsOn": Array [
        "JustInTimeProvisiontestcaseVerifiersFetchertestcaseServiceRole9B13C41F",
      ],
      "Properties": Object {
        "Code": Object {
          "S3Bucket": Object {
            "Ref": "AssetParametersd248ab9dc904caac0ccd9379eccbc353f76f412d885c872622ea026b8b00c31aS3Bucket199CA3FC",
          },
          "S3Key": Object {
            "Fn::Join": Array [
              "",
              Array [
                Object {
                  "Fn::Select": Array [
                    0,
                    Object {
                      "Fn::Split": Array [
                        "||",
                        Object {
                          "Ref": "AssetParametersd248ab9dc904caac0ccd9379eccbc353f76f412d885c872622ea026b8b00c31aS3VersionKeyD66664C8",
                        },
                      ],
                    },
                  ],
                },
                Object {
                  "Fn::Select": Array [
                    1,
                    Object {
                      "Fn::Split": Array [
                        "||",
                        Object {
                          "Ref": "AssetParametersd248ab9dc904caac0ccd9379eccbc353f76f412d885c872622ea026b8b00c31aS3VersionKeyD66664C8",
                        },
                      ],
                    },
                  ],
                },
              ],
            ],
          },
        },
        "Environment": Object {
          "Variables": Object {
            "AWS_NODEJS_CONNECTION_REUSE_ENABLED": "1",
            "VERIFIERS": "\\"[]\\"",
          },
        },
        "Handler": "index.handler",
        "Role": Object {
          "Fn::GetAtt": Array [
            "JustInTimeProvisiontestcaseVerifiersFetchertestcaseServiceRole9B13C41F",
            "Arn",
          ],
        },
        "Runtime": "nodejs14.x",
      },
      "Type": "AWS::Lambda::Function",
    },
    "JustInTimeProvisiontestcaseVerifiersFetchertestcaseServiceRole9B13C41F": Object {
      "Properties": Object {
        "AssumeRolePolicyDocument": Object {
          "Statement": Array [
            Object {
              "Action": "sts:AssumeRole",
              "Effect": "Allow",
              "Principal": Object {
                "Service": "lambda.amazonaws.com",
              },
            },
          ],
          "Version": "2012-10-17",
        },
        "ManagedPolicyArns": Array [
          Object {
            "Fn::Join": Array [
              "",
              Array [
                "arn:",
                Object {
                  "Ref": "AWS::Partition",
                },
                ":iam::aws:policy/service-role/AWSLambdaBasicExecutionRole",
              ],
            ],
          },
        ],
      },
      "Type": "AWS::IAM::Role",
    },
  },
}
`;
